
> client@0.0.0 build
> vite build

[36mvite v7.3.1 [32mbuilding client environment for production...[36m[39m
transforming...
[32mΓ£ô[39m 54 modules transformed.
node.exe : 
[31mΓ£ù[39m Build 
failed in 813ms
At line:1 char:1
+ & "C:\Program 
Files\nodejs/node.exe" 
"C:\Users\phamt\AppData
\Roaming\ ...
+ ~~~~~~~~~~~~~~~~~~~~~
~~~~~~~~~~~~~~~~~~~~~~~
~~~~~~~~~~~~~~~~~~~~~~~
~~
    + CategoryInfo     
         : NotSpecifi  
  ed: ([31mΓ£ù[39m   
  Build failed in 8    
13ms:String) [], R    
emoteException
    + FullyQualifiedEr 
   rorId : NativeComm  
  andError
 
[31merror during 
build:
[31m[vite-plugin-pwa:b
uild] There was an 
error during the build:
  src/components/Househ
oldDetail.jsx (5:193): 
"updateRowInSheet" is 
not exported by "src/ut
ils/googleSheetsService
.js", imported by "src/
components/HouseholdDet
ail.jsx".
Additionally, handling 
the error in the 
'buildEnd' hook caused 
the following error:
  src/components/Househ
oldDetail.jsx (5:193): 
"updateRowInSheet" is 
not exported by "src/ut
ils/googleSheetsService
.js", imported by "src/
components/HouseholdDet
ail.jsx".[31m
file: [36mD:/12/househ
old-app/client/src/comp
onents/HouseholdDetail.
jsx:5:193[31m
[33m
3: import { 
getHouseholdDataArray, 
formatMemberRow } from 
'../utils/excelGenerato
r';
4: import { 
exportToExcel } from '.
./utils/excelExportServ
ice';
5: import { 
loadGoogleScripts, 
handleGoogleLogin, 
createSpreadsheet, 
addSheetToSpreadsheet, 
writeDataToSheet, 
formatSheet, 
getSpreadsheet, 
clearSheet, 
readSheetData, 
deleteRow, 
appendDataToSheet, 
updateRowI...
                       
                       
                       
                       
                       
                       
                       
                       
            ^
6: import 
ConfirmationModal from 
'./ConfirmationModal';
[31m
    at getRollupError (
file:///D:/12/household
-app/client/node_module
s/rollup/dist/es/shared
/parseAst.js:402:41)
    at file:///D:/12/ho
usehold-app/client/node
_modules/rollup/dist/es
/shared/node-entry.js:2
3444:39
    at async catchUnfin
ishedHookActions (file:
///D:/12/household-app/
client/node_modules/rol
lup/dist/es/shared/node
-entry.js:22902:16)
    at async 
rollupInternal (file://
/D:/12/household-app/cl
ient/node_modules/rollu
p/dist/es/shared/node-e
ntry.js:23427:5)
    at async 
buildEnvironment (file:
///D:/12/household-app/
client/node_modules/vit
e/dist/node/chunks/conf
ig.js:33541:12)
    at async 
Object.build (file:///D
:/12/household-app/clie
nt/node_modules/vite/di
st/node/chunks/config.j
s:33900:19)
    at async 
Object.buildApp (file:/
//D:/12/household-app/c
lient/node_modules/vite
/dist/node/chunks/confi
g.js:33897:153)
    at async 
CAC.<anonymous> (file:/
//D:/12/household-app/c
lient/node_modules/vite
/dist/node/cli.js:629:3
)[39m
